> ng.cmd run app:serve --host=localhost --port=8100
[ng] [32mΓ£ö[0m [33mConsole Ninja[0m extension is connected to [33mAngular[0m, see [36mhttps://tinyurl.com/2vt8jxzw[0m
[ng] [33mΓ¥»[39m Building...
[ng] [32mΓ£ö[39m Building...
[ng] Application bundle generation failed. [3.701 seconds] - 2026-07-03T07:02:45.337Z
[ng] Γû▓ [WARNING] NG8113: IonHeader is not used within the template of HomePage [plugin angular-compiler]
[ng]     src/app/user/home/home.page.ts:36:4:
[ng]       36 Γöé     IonHeader,
[ng]          Γò╡     ~~~~~~~~~
[ng] Γû▓ [WARNING] NG8113: IonToolbar is not used within the template of HomePage [plugin angular-compiler]
[ng]     src/app/user/home/home.page.ts:37:4:
[ng]       37 Γöé     IonToolbar,
[ng]          Γò╡     ~~~~~~~~~~
[ng] Γû▓ [WARNING] NG8113: IonButton is not used within the template of HomePage [plugin angular-compiler]
[ng]     src/app/user/home/home.page.ts:41:4:
[ng]       41 Γöé     IonButton,
[ng]          Γò╡     ~~~~~~~~~
[ng] Γû▓ [WARNING] NG8113: IonButtons is not used within the template of HomePage [plugin angular-compiler]
[ng]     src/app/user/home/home.page.ts:42:4:
[ng]       42 Γöé     IonButtons,
[ng]          Γò╡     ~~~~~~~~~~
[ng] Γû▓ [WARNING] NG8113: IonToggle is not used within the template of HomePage [plugin angular-compiler]
[ng]     src/app/user/home/home.page.ts:43:4:
[ng]       43 Γöé     IonToggle,
[ng]          Γò╡     ~~~~~~~~~
[ng] Γû▓ [WARNING] Deprecation [plugin angular-sass]
[ng]     src/app/admin/admintab/admintab.page.scss:1:8:
[ng]       1 Γöé @import '../../../global.scss';
[ng]         Γò╡         ^
[ng]   Sass @import rules are deprecated and will be removed in Dart Sass 3.0.0.
[ng]   
[ng]   More info and automated migrator: https://sass-lang.com/d/import
[ng] Γû▓ [WARNING] Deprecation [plugin angular-sass]
[ng]     src/app/admin/categorymngmnt/categorymngmnt.page.scss:1:8:
[ng]       1 Γöé @import '../../../global.scss';
[ng]         Γò╡         ^
[ng]   Sass @import rules are deprecated and will be removed in Dart Sass 3.0.0.
[ng]   
[ng]   More info and automated migrator: https://sass-lang.com/d/import
[ng] Γû▓ [WARNING] Deprecation [plugin angular-sass]
[ng]     src/app/admin/cntnorspptmngmnt/cntnorspptmngmnt.page.scss:1:8:
[ng]       1 Γöé @import '../../../global.scss';
[ng]         Γò╡         ^
[ng]   Sass @import rules are deprecated and will be removed in Dart Sass 3.0.0.
[ng]   
[ng]   More info and automated migrator: https://sass-lang.com/d/import
[ng] Γû▓ [WARNING] Deprecation [plugin angular-sass]
[ng]     src/app/admin/groupapprovals/groupapprovals.page.scss:1:8:
[ng]       1 Γöé @import '../../../global.scss';
[ng]         Γò╡         ^
[ng]   Sass @import rules are deprecated and will be removed in Dart Sass 3.0.0.
[ng]   
[ng]   More info and automated migrator: https://sass-lang.com/d/import
[ng] Γû▓ [WARNING] Deprecation [plugin angular-sass]
[ng]     src/app/admin/homemgnmt/homemgnmt.page.scss:1:8:
[ng]       1 Γöé @import '../../../global.scss';
[ng]         Γò╡         ^
[ng]   Sass @import rules are deprecated and will be removed in Dart Sass 3.0.0.
[ng]   
[ng]   More info and automated migrator: https://sass-lang.com/d/import
[ng] Γû▓ [WARNING] Deprecation [plugin angular-sass]
[ng]     src/app/admin/psymentaprpovals/psymentaprpovals.page.scss:1:8:
[ng]       1 Γöé @import '../../../global.scss';
[ng]         Γò╡         ^
[ng]   Sass @import rules are deprecated and will be removed in Dart Sass 3.0.0.
[ng]   
[ng]   More info and automated migrator: https://sass-lang.com/d/import
[ng] Γû▓ [WARNING] Deprecation [plugin angular-sass]
[ng]     src/app/admin/usermngmnt/usermngmnt.page.scss:1:8:
[ng]       1 Γöé @import '../../../global.scss';
[ng]         Γò╡         ^
[ng]   Sass @import rules are deprecated and will be removed in Dart Sass 3.0.0.
[ng]   
[ng]   More info and automated migrator: https://sass-lang.com/d/import
[ng] Γû▓ [WARNING] Deprecation [plugin angular-sass]
[ng]     src/app/admin/walletadmin/walletadmin.page.scss:1:8:
[ng]       1 Γöé @import '../../../global.scss';
[ng]         Γò╡         ^
[ng]   Sass @import rules are deprecated and will be removed in Dart Sass 3.0.0.
[ng]   
[ng]   More info and automated migrator: https://sass-lang.com/d/import
[ng] Γû▓ [WARNING] Deprecation [plugin angular-sass]
[ng]     src/app/login/login.page.scss:1:8:
[ng]       1 Γöé @import '../../global.scss';
[ng]         Γò╡         ^
[ng]   Sass @import rules are deprecated and will be removed in Dart Sass 3.0.0.
[ng]   
[ng]   More info and automated migrator: https://sass-lang.com/d/import
[ng] Γû▓ [WARNING] Deprecation [plugin angular-sass]
[ng]     src/app/seller/creategroup/creategroup.page.scss:1:8:
[ng]       1 Γöé @import '../../../global.scss';
[ng]         Γò╡         ^
[ng]   Sass @import rules are deprecated and will be removed in Dart Sass 3.0.0.
[ng]   
[ng]   More info and automated migrator: https://sass-lang.com/d/import
[ng] Γû▓ [WARNING] Deprecation [plugin angular-sass]
[ng]     src/app/user/accnttype/accnttype.page.scss:1:8:
[ng]       1 Γöé @import '../../../global.scss';
[ng]         Γò╡         ^
[ng]   Sass @import rules are deprecated and will be removed in Dart Sass 3.0.0.
[ng]   
[ng]   More info and automated migrator: https://sass-lang.com/d/import
[ng] Γû▓ [WARNING] Deprecation [plugin angular-sass]
[ng]     src/app/user/category/category.page.scss:1:8:
[ng]       1 Γöé @import '../../../global.scss';
[ng]         Γò╡         ^
[ng]   Sass @import rules are deprecated and will be removed in Dart Sass 3.0.0.
[ng]   
[ng]   More info and automated migrator: https://sass-lang.com/d/import
[ng] Γû▓ [WARNING] Deprecation [plugin angular-sass]
[ng]     src/app/user/chat/chat.page.scss:1:8:
[ng]       1 Γöé @import '../../../global.scss';
[ng]         Γò╡         ^
[ng]   Sass @import rules are deprecated and will be removed in Dart Sass 3.0.0.
[ng]   
[ng]   More info and automated migrator: https://sass-lang.com/d/import
[ng] Γû▓ [WARNING] Deprecation [plugin angular-sass]
[ng]     src/app/user/createaccnt/createaccnt.page.scss:1:8:
[ng]       1 Γöé @import '../../../global.scss';
[ng]         Γò╡         ^
[ng]   Sass @import rules are deprecated and will be removed in Dart Sass 3.0.0.
[ng]   
[ng]   More info and automated migrator: https://sass-lang.com/d/import
[ng] Γû▓ [WARNING] Deprecation [plugin angular-sass]
[ng]     src/app/user/home/home.page.scss:1:8:
[ng]       1 Γöé @import '../../../global.scss';
[ng]         Γò╡         ^
[ng]   Sass @import rules are deprecated and will be removed in Dart Sass 3.0.0.
[ng]   
[ng]   More info and automated migrator: https://sass-lang.com/d/import
[ng] Γû▓ [WARNING] Deprecation [plugin angular-sass]
[ng]     src/app/user/ottplatforms/ottplatforms.page.scss:1:8:
[ng]       1 Γöé @import '../../../global.scss';
[ng]         Γò╡         ^
[ng]   Sass @import rules are deprecated and will be removed in Dart Sass 3.0.0.
[ng]   
[ng]   More info and automated migrator: https://sass-lang.com/d/import
[ng] Γû▓ [WARNING] Deprecation [plugin angular-sass]
[ng]     src/app/user/payment/payment.page.scss:1:8:
[ng]       1 Γöé @import '../../../global.scss';
[ng]         Γò╡         ^
[ng]   Sass @import rules are deprecated and will be removed in Dart Sass 3.0.0.
[ng]   
[ng]   More info and automated migrator: https://sass-lang.com/d/import
[ng] Γû▓ [WARNING] Deprecation [plugin angular-sass]
[ng]     src/app/user/rating/rating.page.scss:1:8:
[ng]       1 Γöé @import '../../../global.scss';
[ng]         Γò╡         ^
[ng]   Sass @import rules are deprecated and will be removed in Dart Sass 3.0.0.
[ng]   
[ng]   More info and automated migrator: https://sass-lang.com/d/import
[ng] Γû▓ [WARNING] Deprecation [plugin angular-sass]
[ng]     src/app/user/sellerslist/sellerslist.page.scss:1:8:
[ng]       1 Γöé @import '../../../global.scss';
[ng]         Γò╡         ^
[ng]   Sass @import rules are deprecated and will be removed in Dart Sass 3.0.0.
[ng]   
[ng]   More info and automated migrator: https://sass-lang.com/d/import
[ng] Γû▓ [WARNING] Deprecation [plugin angular-sass]
[ng]     src/app/user/support/support.page.scss:1:8:
[ng]       1 Γöé @import '../../../global.scss';
[ng]         Γò╡         ^
[ng]   Sass @import rules are deprecated and will be removed in Dart Sass 3.0.0.
[ng]   
[ng]   More info and automated migrator: https://sass-lang.com/d/import
[ng] Γû▓ [WARNING] Deprecation [plugin angular-sass]
[ng]     src/app/user/usertab/usertab.page.scss:1:8:
[ng]       1 Γöé @import '../../../global.scss';
[ng]         Γò╡         ^
[ng]   Sass @import rules are deprecated and will be removed in Dart Sass 3.0.0.
[ng]   
[ng]   More info and automated migrator: https://sass-lang.com/d/import
[ng] Γû▓ [WARNING] Deprecation [plugin angular-sass]
[ng]     src/app/user/validity/validity.page.scss:1:8:
[ng]       1 Γöé @import '../../../global.scss';
[ng]         Γò╡         ^
[ng]   Sass @import rules are deprecated and will be removed in Dart Sass 3.0.0.
[ng]   
[ng]   More info and automated migrator: https://sass-lang.com/d/import
[ng] Γû▓ [WARNING] Deprecation [plugin angular-sass]
[ng]     src/app/user/wallet/wallet.page.scss:1:8:
[ng]       1 Γöé @import '../../../global.scss';
[ng]         Γò╡         ^
[ng]   Sass @import rules are deprecated and will be removed in Dart Sass 3.0.0.
[ng]   
[ng]   More info and automated migrator: https://sass-lang.com/d/import
[ng] X [ERROR] Undefined variable.
[ng]    Γò╖
[ng] 26 Γöé   .sc-status { font-size: $font-xs; font-weight: 600; margin: 2px 0 0; &.active { color: $green; } &.expired { color: $red; } &.pending { color: $orange; } } }
[ng]    Γöé                                                                                                                                                  ^^^^^^^
[ng]    Γò╡
[ng]   src\app\user\wallet\wallet.page.scss 26:146  root stylesheet [plugin angular-sass]
[ng] X [ERROR] TS7030: Not all code paths return a value. [plugin angular-compiler]
[ng]     src/app/login/login.page.ts:91:19:
[ng]       91 Γöé           handler: async (data: any) => {
[ng]          Γò╡                    ~~~~~~~~~~~~~~~~~~~~~~
